## Urls that we will allow (or revers proxy) for the time being
## Last updated 28 Jul 2026
/about-us/office-employees 1;
/page/office-employees 1;
/about-us/foundation 1;
/page/foundation 1;
/about-us/jobs 1;
/page/jobs 1;
/europeana-network-association/members 1;
/page/members 1;
/europeana-network-association/members-council 1;
/page/members-council 1;
/europeana-network-association/management-board 1;
/page/management-board 1;
/europeana-network-association/communities 1;
/page/communities 1;
/europeana-network-association/sign-up 1;
/page/sign-up 1;
/europeana-network-association/about-the-network 1;
/page/about-the-network 1;
/page/europeanatech 1;
/page/europeana-education 1;
/page/europeana-communicators-group 1;
/page/europeana-copyright 1;
/page/europeana-research 1;
/page/europeana-impact-community 1;
/page/climate-action-community 1;
/page/terms-of-reference-for-working-groups 1;
/page/terms-of-reference-for-task-forces 1;
/pages/europeana-alumni 1;
/page/europeana-foundation-gender-equality-statement 1;
/page/aggregators 1;
/page/common-european-data-space-for-cultural-heritage 1;
/page/member-states 1;
/page/documentation 1;
/page/europeana-licensing-framework 1;
/page/the-data-exchange-agreement 1;
/page/submitting-a-rights-statement 1;
/page/available-rights-statements 1;
/page/selecting-a-rights-statement 1;
/page/identifying-copyright-in-collection-items 1;
/page/rights-statements-faq 1;
/projects/3306 1;
/page/de-bias-project-community-engagement-resources 1;
/page/de-bias-project-capacity-building-resources 1;
/page/the-de-bias-vocabulary 1;
/page/the-de-bias-tool 1;
/page/twin-it-3d-for-europe-s-culture 1;