## Test examples
/apis.html https://europeana.atlassian.net/wiki/spaces/EF/pages/2385313793/Europeana+APIs+Documentation;
~/documentation/3D/formats/.* https://europeana.atlassian.net/wiki/spaces/EF/pages/2365227031/Publishing+guide+for+3D+content#Which-3D-formats-does-Europeana-support?;

## External redirects
## ------------------
/data/nodejs-europeana	https://europeana.atlassian.net/wiki/spaces/EF/pages/2385870932/Libraries+and+Plugins#Node.JS-Libraries;
/data/serendip-o-matic	https://europeana.atlassian.net/wiki/spaces/EF/pages/2953314308/Europeana+API+use+cases;
/data/culturecam	https://europeana.atlassian.net/wiki/spaces/EF/pages/2953314308/Europeana+API+use+cases;
/data/memory-match	https://europeana.atlassian.net/wiki/spaces/EF/pages/2953314308/Europeana+API+use+cases;
/data/europeana-blacklight	https://europeana.atlassian.net/wiki/spaces/EF/pages/2953314308/Europeana+API+use+cases;
/data/europeana-oai-pmh-harvester	https://europeana.atlassian.net/wiki/spaces/EF/pages/2953314308/Europeana+API+use+cases;
/data/eexcess-moodle-plugin	https://europeana.atlassian.net/wiki/spaces/EF/pages/2953314308/Europeana+API+use+cases;
/data/knreise	https://europeana.atlassian.net/wiki/spaces/EF/pages/2953314308/Europeana+API+use+cases;
/data/inventing-europe	https://europeana.atlassian.net/wiki/spaces/EF/pages/2953314308/Europeana+API+use+cases;
/data/national-library-of-ireland-catalogue-widget	https://europeana.atlassian.net/wiki/spaces/EF/pages/2953314308/Europeana+API+use+cases;
/data/open-pics-app	https://europeana.atlassian.net/wiki/spaces/EF/pages/2953314308/Europeana+API+use+cases;
/data/sound-connections	https://europeana.atlassian.net/wiki/spaces/EF/pages/2953314308/Europeana+API+use+cases;
/data/vangoyourself	https://europeana.atlassian.net/wiki/spaces/EF/pages/2953314308/Europeana+API+use+cases;
/data/ajapaik-timepatch	https://europeana.atlassian.net/wiki/spaces/EF/pages/2953314308/Europeana+API+use+cases;
/data/museums-eu	https://europeana.atlassian.net/wiki/spaces/EF/pages/2953314308/Europeana+API+use+cases;
/data/creative-commons-search	https://europeana.atlassian.net/wiki/spaces/EF/pages/2953314308/Europeana+API+use+cases;
/data/Photomediations	https://europeana.atlassian.net/wiki/spaces/EF/pages/2953314308/Europeana+API+use+cases;
/data/europeana-colour-explorer	https://europeana.atlassian.net/wiki/spaces/EF/pages/2953314308/Europeana+API+use+cases;
/data/on-this-day	https://europeana.atlassian.net/wiki/spaces/EF/pages/2953314308/Europeana+API+use+cases;
/data/picryl	https://europeana.atlassian.net/wiki/spaces/EF/pages/2953314308/Europeana+API+use+cases;
/data/korea-copyright-commission	https://europeana.atlassian.net/wiki/spaces/EF/pages/2953314308/Europeana+API+use+cases;
/data/europeana-bulk-downloader	https://europeana.atlassian.net/wiki/spaces/EF/pages/2953314308/Europeana+API+use+cases;
/data/karlsruhe-virtual-catalog	https://europeana.atlassian.net/wiki/spaces/EF/pages/2953314308/Europeana+API+use+cases;
/data/europeana-full-text-in-python	https://europeana.atlassian.net/wiki/spaces/EF/pages/2953314308/Europeana+API+use+cases;
/page/europeana-data-statistics-dashboard-training 	https://europeana.moocit.fr/courses/course-v1:Europeana+EDSD_01+2023_Q2/about;
/page/europeana-education-mooc	https//www.europeana.eu/europeana-classroom/moocs;

## External redirects
## ------------------
/page/share-your-data	/share-your-data/process;
/share-your-data	/share-your-data/process;
/page/about-us	/about-us/mission;
/about-us	/about-us/mission;
/page/network-association	/network-association/sign-up;
/network-association	/network-association/sign-up;
/the-europeana-website	/the-europeana-website/about-europeana-eu;
/page/the-europeana-website	/the-europeana-website/about-europeana-eu;
/page/europeana-network-association	/europeana-network-association/about-the-network;
/europeana-network-association	/europeana-network-association/about-the-network;

# Georgia and Nick redirects
/dataspace	/page/common-european-data-space-for-cultural-heritage;
/ena	/europeana-network-association/about-the-network;
/post/historiana-teacher-training-guide-2019	/post/teacher-training-guide;
pro-blog/-/blogs/europeana-and-european-parliament-join-forces-to-mark-events-that-shaped-europe	/post/europeana-and-european-parliament-join-forces-to-mark-events-tha;
/network-association/sign-up	/europeana-network-association/sign-up;
/network-association/communities	/europeana-network-association/communities;
/network-association/members	/europeana-network-association/members;
/network-association/members-council	/europeana-network-association/members-council;
/network-association/management-board	/europeana-network-association/management-board;
/network-association/task-forces	/europeana-network-association/task-forces;
/network-association/documentation	/page/documentation;
/page/europeana-2019	/post/europeana-2019-relive-it;
/post/our-newsletter-for-communications-professionals-is-moving-are-you-coming-too	/page/europeana-communicators-group;
/page/generic-services-faqs	/page/digital-europe-programme-2021-2022-data-for-cultural-heritage-faqs;
/organisation/heritage-plus-be	organisation/erfgoedplus-be;
/organisation/museu-hub	organisation/museu;
/organisation/technische-informationsbibliothek-av-portal	organisation/leibniz-information-centre-for-science-and-technology;
/organisation/cyprus-ministry-of-education-and-culture	organisation/cyprus-ministry-of-education-culture-sport-and-youth;
/organisation/formula-aggregation-service-of-the-national-library-of-finland	organisation/national-library-of-finland;
/organisation/digitale-collectie	organisation/dutch-collections-for-europe;
/organisation/aggregator-for-europeana	organisation/national-library-of-serbia;
/organisation/archives-portal-europe-foundation	organisation/archives-portal-europe;
/page/collections	/page/the-europeana-website;
/page/data-space-service	/page/data-space-deployment;
/discover-the-data	/discover-the-data/about-europeana-eu;
/the-europeana-website/about-europeana-eu	/discover-the-data/about-europeana-eu;
/the-europeana-website/europeana-reuse-be-inspired	/discover-the-data/europeana-reuse-be-inspired;
/the-europeana-website/creating-editorial	/discover-the-data/creating-editorial;
/the-europeana-website/campaigns	/discover-the-data/campaigns;
/share-your-data/publication-policy	/post/publication-policy;
/page/europeana-low-code-fest-2022	/page/low-code-fest;
/project/ai4europeana-an-ai-platform-for-the-cultural-heritage-data-space	/project/ai4culture-an-ai-platform-for-the-cultural-heritage-data-space;
/person/michael-edson	/person/michael-peter-edson;
/page/heritage-metadata-automatic-translation-system	/project/europeana-translate;
/page/services-and-tools	/about-us/learn-with-us;
/about-us/services-and-tools	/about-us/learn-with-us;
/page/intro	/discover-the-data/apis;
/page/search	/discover-the-data/apis;
/person/paolo-petrocelli-1	/person/paolo-petrocelli;
/page/iiif	/discover-the-data/apis;
/page/linked-open-data	/discover-the-data/apis;
/page/sparql	/discover-the-data/apis;
/page/2018-Call-for-proposals-for-new-rights-statements	/page/available-rights-statements;
/page/europeanatech-2011-programme	/page/conference;
/page/rules-for-reimbursement-europeana-2019	/page/conference;
/page/europeana-2019-sponsorship-opportunities	/page/conference;
/page/europeana-2019-explore-lisbon	/page/conference;
/page/practical-information-for-your-trip-to-lisbon	/page/conference;
/page/insiders-guides-to-lisbon	/page/conference;
/page/europeana-s-carbon-footprint	/post/europeana-s-carbon-footprint;
/page/storymaker	/about-us/tools;
/page/press	/page/press-releases;
/page/europeana-a-digital-service-infrastructure	/page/europeana-dsi;
/data/carare-map	/organisation/carare;
/data/hispana	/organisation/hispana;
/data/biblioteca-nacional-de-portugal	/organisation/national-register-for-digital-objects;
/data/python	/about-us/tools;
/data/ch-context-widget	/about-us/tools;
/data/europeana-ecloud	/about-us/tools;
/data/bhl-scan-list	/about-us/tools;
/data/mimo-voc	/about-us/tools;
/data/siwa	/about-us/tools;
/data/assetsimagesearch	/about-us/tools;
/data/europeanaconnect-geoparser	/about-us/tools;
/data/mystoryplayer	/about-us/tools;
/data/pathsenrich	/about-us/tools;
/data/pundit	/about-us/tools;
/data/searchengineeuropeana	/about-us/tools;
/data/assets3d-search	/about-us/tools;
/data/eclap-linked-open-graph	/about-us/tools;
/data/crowdhwr	/about-us/tools;
/data/eod-search	/about-us/tools;
/data/eukindlesearch	/about-us/tools;
/data/twitter-europeanabot	/about-us/tools;
/data/wandora	/about-us/tools;
/data/wikimedia-batch-upload	/about-us/tools;
/data/europeana-ruby	/about-us/tools;
/data/repox	/about-us/tools;
/data/europeana-php-library	/about-us/tools;
/data/europeana-search-0-2-1-python	/about-us/tools;
/data/kringla	/about-us/tools;
/data/europeana-integration-in-the-datatank	/about-us/tools;
/data/wordpress-dpla-europeana-search-form-plugin	/about-us/tools;
/data/eexcess-google-chrome-browser-extension	/about-us/tools;
/data/eexcess-wordpress-plugin	/about-us/tools;
/data/eexcess-google-docs-plugin	/about-us/tools;
/data/linkedtv-editor-tool	/about-us/tools;
/data/europeana-aggregation-landscape-explorer	/about-us/tools;
/data/food-planet	/about-us/tools;
/data/tea-trail-london	/about-us/tools;
/data/europeana-attribution-tool	/about-us/tools;
/data/wud	/about-us/tools;
/data/cinemacina	/about-us/tools;
/data/remix	/about-us/tools;
/data/digital-storytelling-prototype	/about-us/tools;
/data/biblioteca	/organisation/hispana;
/data/culture-collage-ms-office	/about-us/tools;
/data/historiana	/page/historiana;
/data/google-field-trip	/about-us/tools;
/data/meath-heritage	/about-us/tools;
/data/image-similarity-search-service	/about-us/tools;
/data/create	/about-us/tools;
/data/virtual-17th-century-flemish-inn	/about-us/tools;
/data/europanorama	/about-us/tools;
/data/inpersepolis	/about-us/tools;
/data/re-media-projects	/post/re-media-design-with-europeana-at-the-school-of-form;
/data/craft	/about-us/tools;
/data/platsminnen	/about-us/tools;
/data/sourcera	/about-us/tools;
/data/daily-life-in-the-south-of-sweden	/about-us/tools;
/data/early-photographs-from-the-fondo-fotografico-de-la-universidad-de-navarra	/about-us/tools;
/data/maps-and-drawings-from-the-biblioteca-virtual-del-patrimonio-bibliografico	/about-us/tools;
/data/maps-and-drawings-from-the-catalogo-colectivo-de-la-red-de-bibliotecas-de-los-archivos-estatales	/about-us/tools;
/data/photographs-prints-and-posters-from-the-biblioteca-valenciana-digital	/about-us/tools;
/data/art-and-life-on-postcards-and-photographs-from-girona	/about-us/tools;
/data/butterflies-minerals-and-drawings-from-the-museum-of-natural-history-in-berlin	/about-us/tools;
/data/pictures-of-glassware	/about-us/tools;
/data/wwi-books-from-the-british-library	/about-us/tools;
/data/natural-history-objects-from-the-openup-project	/about-us/tools;
/data/3d-models-of-art-nouveau-objects-from-the-isle-of-man	/about-us/tools;
/data/estonian-cultural-heritage-provided-by-athena	/about-us/tools;
/data/haunting-sketches-and-other-pieces-of-art-from-bulgaria	/about-us/tools;
/data/historical-photographs-from-the-netherlands	/about-us/tools;
/data/photographs-of-buildings-in-iceland	/about-us/tools;
/data/dutch-buildings-through-the-ages	/about-us/tools;
/data/music-and-songs-in-yiddish	/about-us/tools;
/data/swedish-churches-religious-art-and-architecture	/about-us/tools;
/data/british-library-book-illustrations	/about-us/tools;
/data/famous-manuscripts-and-notebooks-from-the-british-library	/about-us/tools;
/data/deventer-historical-and-toy-museums	/about-us/tools;
/data/military-maps-and-drawings-from-the-spanish-ministry-of-defence	/about-us/tools;
/data/high-resolution-public-domain-images-from-statens-museum-for-kunst	/about-us/tools;
/data/manuscript-maps-of-switzerland-and-abroad	/about-us/tools;
/data/the-finnish-travel-collection	/about-us/tools;
/data/the-library-of-charles-v-preserved-in-the-national-library-of-france	/about-us/tools;
/data/luna-collections-western-manuscripts	/about-us/tools;
/data/oxford-digital-library-collections	/about-us/tools;
/data/celtic-manuscripts-from-the-bodleian-libraries	/about-us/tools;
/data/conservative-party-poster-collection	/about-us/tools;
/data/photographs-of-canada-during-the-first-world-war-1	/about-us/tools;
/data/first-world-one-trench-journals-held-by-the-british-library	/about-us/tools;
/data/italian-songbooks-and-music-sheets-from-the-first-world-war	/about-us/tools;
/data/italian-and-foreign-pamphlets-from-the-first-world-war-period	/about-us/tools;
/data/italian-and-foreign-newspapers-from-the-first-world-war-period	/about-us/tools;
/data/italian-diaries-and-letters-world-war-one	/about-us/tools;
/data/manuscript-documents-of-the-italian-war-ministry-first-world-war	/about-us/tools;
/data/italian-postcards-first-world-war	/about-us/tools;
/data/wickiana-collection	/about-us/tools;
/data/photochrom	/about-us/tools;
/data/engravings-of-dioscorides-collection	/about-us/tools;
/data/cartographic-material-maps-and-city-views	/about-us/tools;
/data/enrique-lafuente-ferrari-photographic-collection	/about-us/tools;
/data/topographic-collection	/about-us/tools;
/data/the-sounds-of-the-past	/about-us/tools;
/data/digitized-newspapers-and-journals-from-iceland-the-faroe-islands-and-greenland-1773-2001	/about-us/tools;
/data/travel-through-treasures-of-the-national-library-of-slovenia	/about-us/tools;
/data/rare-audio-recordings-from-slovenia	/about-us/tools;
/data/nova-muzika-slovenian-music-journal	/about-us/tools;
/data/laibacher-zeitung	/about-us/tools;
/data/novi-akordi-slovenian-music-journal	/about-us/tools;
/data/dom-in-svet-home-and-world-was-a-catholic-cultural-and-literary-journal-in-slovenia	/about-us/tools;
/data/doi-serbia-full-text-scientific-journals-published-in-serbia	/about-us/tools;
/data/registers-from-the-ottoman-bulgaria-sijill-18th-19th-centuries	/about-us/tools;
/data/national-library-of-bulgaria-europeana-newspaper	/about-us/tools;
/data/correspondences-collection-of-the-bulgarian-historical-archives	/about-us/tools;
/data/oriental-digitized-materials-from-the-national-library-of-denmark	/about-us/tools;
/data/the-danish-national-collection-of-prints-and-photographs-is-under-digitization-the-digitized-photographs-are-presented-in-kb-ima	/about-us/tools;
/data/historical-photographs-of-denmark-during-the-ww1-period	/about-us/tools;
/data/carolingian-manuscripts-from-the-national-library-of-france	/about-us/tools;
/data/manuscripts-and-printed-books-from-the-aragonese-library	/about-us/tools;
/data/in-search-of-lost-latvia	/about-us/tools;
/data/on-the-roads-tourism-and-travel-in-latvia	/about-us/tools;
/data/national-digital-library-polona	/organisation/digital-libraries-federation;
/data/historical-documents-from-15th-century-to-19th-century	/about-us/tools;
/data/maps-of-the-world-war-one-from-the-national-library-of-serbia	/about-us/tools;
/data/biblioteca-digital-hispanica	/organisation/hispana;
/data/historical-documents-of-the-dutch-parliament-1814-1995	/about-us/tools;
/data/welsh-journals	/about-us/tools;
/data/geoff-charles-photographic-collection	/about-us/tools;
/data/drawings-by-nicolae-grigorescu	/about-us/tools;
/data/manuscripts-from-the-royal-library-of-belgium	/about-us/tools;
/data/film-collection-of-the-wellcome-library	/about-us/tools;
/data/oriental-manuscripts-from-the-university-of-belgrade	/about-us/tools;
/data/gallery-of-prints-central-library-university-of-leuven	/about-us/tools;
/data/photographs-and-drawings-of-runestones-in-sweden	/about-us/tools;
/data/charters-from-the-biblioteca-de-catalunya	/about-us/tools;
/data/edit16-italian-printers-devices	/about-us/tools;
/data/posters-sketches-and-drawings-by-toulouse-lautrec	/about-us/tools;
/data/early-photographs-of-japan	/about-us/tools;
/data/art-nouveau-architectural-and-interior-design-drawings	/about-us/tools;
/data/sounds-of-nature-from-the-british-library	/about-us/tools;
/data/art-nouveau-ornamental-motifs-in-hungarian-style	/about-us/tools;
/data/black-and-white-pictures-by-swedish-photographer-john-hertzberg	/about-us/tools;
/data/swedish-silent-cinema-playbills-1904-1921	/about-us/tools;
/data/animals-in-the-great-war	/about-us/tools;
/data/20th-century-photographs-by-gertrude-kaesebier	/about-us/tools;
/data/11-11-memories-retold	/post/the-different-individual-sides-to-history-human-aspects-of-ww1;
/share-your-data/process	/page/resources-for-sharing-data;
/page/process	/page/resources-for-sharing-data;
/share-your-data/metadata	/page/metadata;
/share-your-data/copyright	/page/copyright;
/share-your-data/media	/page/media;
/share-your-data/enrichment	/page/enrichment;
/page/record	/discover-the-data/apis;
/page/entity	/discover-the-data/apis;
/page/annotations	/discover-the-data/apis;
/page/harvesting-and-downloads	/discover-the-data/apis;
/page/impact-community-progress	page/europeana-impact-community;
/page/impact-community-workshops-presentations	/page/impact;
/page/smk-impact-explorer	/post/making-the-case-for-impact-at-smk;
/page/advocacy-framework	/page/advocacy;
/post/raising-awareness-of-impact-smk-impact-presentations-events-and-publications	/post/making-the-case-for-impact-at-smk;
/page/edm-mooc-introduction	/page/metadata;
/page/edm-mooc-basics	/page/metadata;
/page/edm-mooc-advanced	/page/metadata;
/page/edm-mooc-marc2edm	/page/metadata;
/page/miguel-mimoso-correia-s-lisbon	/post/europeana-2019-relive-it;
/page/carlos-vences-lisbon	/post/europeana-2019-relive-it;
/page/maria-isabel-ferreira-s-lisbon	/post/europeana-2019-relive-it;
/page/ana-sabido-para-s-lisbon	/post/europeana-2019-relive-it;
/page/enumerate-dashboards	/page/enumerate;
/data/wonders	/post/europeana-edtech-challenge-winners-announced;
/post/aggregators-survey-2	/page/aggregators;
/post/europeana-communicators-work-plan-2020	/page/communicators-community-work-plan;
/post/communicators-community-work-plan-2021	/page/communicators-community-work-plan;
/post/communicators-community-work-plan-2022	/page/communicators-community-work-plan;
/post/europeana-communicators-community-work-plan-2023	/page/communicators-community-work-plan;
/post/impact-community-work-plan-2020	/page/impact-community-work-plan;
/post/impact-community-work-plan	/page/impact-community-work-plan;
/post/impact-community-work-plan-2022	/page/impact-community-work-plan;
/post/impact-community-work-plan-2023	/page/impact-community-work-plan;
/post/climate-action-community-work-plan-2022-2023	/page/climate-action-community-work-plan;
/post/europeana-copyright-community-work-plan-2023	/page/copyright-community-work-plan;
/post/copyright-community-work-plan-2022	/page/copyright-community-work-plan;
/post/copyright-community-work-plan-2021	/page/copyright-community-work-plan;
/post/copyright-community-work-plan-2020	/page/copyright-community-work-plan;
/post/europeana-education-community-work-plan-2023	/page/education-community-work-plan;
/post/education-community-work-plan-2022	/page/education-community-work-plan;
/post/education-community-work-plan-2021	/page/education-community-work-plan;
/post/education-community-work-plan-2020	/page/education-community-work-plan;
/post/europeanatech-work-plan-2023	/page/europeanatech-community-work-plan;
/post/europeanatech-community-work-plan-2022	/page/europeanatech-community-work-plan;
/post/europeanatech-community-work-plan-2021	/page/europeanatech-community-work-plan;
/post/europeanatech-community-work-plan-2020	/page/europeanatech-community-work-plan;
/post/europeana-research-community-work-plan-2023	/page/research-community-work-plan;
/post/research-community-work-plan-2022	/page/research-community-work-plan;
/post/research-community-work-plan-2021	/page/research-community-work-plan;
/post/research-community-work-plan-2020	/page/research-community-work-plan;
/post/europeana-for-research	/page/research;
/data/digital-humanities-observatory	/about-us/tools;
/data/Europeana-java-Client-library-formerly-europeana4j	/about-us/tools;
/data/biblioteca-virtual	/about-us/tools;
/data/europeanaconnect-annotation	/about-us/tools;
/data/karma	/about-us/tools;
/data/linked-logainm	/about-us/tools;
/data/django-europeana-0-1-5	/about-us/tools;
/data/europeana-portfolio	/about-us/tools;
/data/image-form-query-suggestions	/about-us/tools;
/data/rest-easy	/about-us/tools;
/data/wandoras-europeana-extractor	/about-us/tools;
/data/colada-php-client-library	/about-us/tools;
/data/ebsco-discovery-service	/about-us/tools;
/data/suggestions	/about-us/tools;
/data/automated-image-analysis-with-iiif	/about-us/tools;
/data/muzeums	/about-us/tools;
/data/metadash	/about-us/tools;
/data/art-faces	/about-us/tools;
/data/europeana-radio	/about-us/tools;
/data/storypix	/about-us/tools;
/data/art-up-your-tab	/about-us/tools;
/data/wotify-card-sets	/about-us/tools;
/data/re-vive	/about-us/tools;
/data/muso	/about-us/tools;
/data/manesse-gammon	/about-us/tools;
/data/greetings-from-zagreb	/about-us/tools;
/data/projects-from-game-jam-with-history	/about-us/tools;
/data/capturing-fashion-in-the-20th-century-with-frieda-dauphin-verhees-study-collection	/about-us/tools;
/data/movesscrapbook	/page/movescollect-and-movesscrapbook;
/data/movescollect	/page/movescollect-and-movesscrapbook;
/data/battles-on-artwork-and-drawings-from-the-rijksmuseum-in-the-netherlands	/about-us/tools;
/data/butterflies-moths-plants-and-mushrooms-from-the-university-of-tartu-and-the-museum-of-natural-history-berlin	/about-us/tools;
/data/incunabula-from-edinburgh	/about-us/tools;
/data/old-handwritten-documents-from-scandinavia	/about-us/tools;
/data/photographs-of-soldiers-during-wwi	/about-us/tools;
/data/scans-of-plants-from-the-openup-project-oberoesterreichischen-landesmuseen	/about-us/tools;
/data/art-history-collection	/about-us/tools;
/data/music-collections	/about-us/tools;
/data/bookplates-from-the-romanian-national-library	/about-us/tools;
/data/stamps-and-seals-from-the-lithuanian-art-museum	/about-us/tools;
/data/first-world-war-maps-preserved-by-the-british-library	/about-us/tools;
/data/world-war-one-posters-small-form-graphics-and-children-s-drawings	/about-us/tools;
/data/early-printing-in-europe-examples-in-bodleian-collections	/about-us/tools;
/data/masterpieces-of-the-non-western-book	/about-us/tools;
/data/the-india-office-records-1914-1918-1	/about-us/tools;
/data/posters-from-the-first-world-war-held-by-the-british-library	/about-us/tools;
/data/british-library-sound-recordings	/about-us/tools;
/data/british-wildlife-recordings	/about-us/tools;
/data/monographs-within-the-series-of-records-of-the-india-office-military-department-1914-1918	/about-us/tools;
/data/slug-0oiqsv	/about-us/tools;
/data/posters-from-the-digital-national-library-of-slovenia	/about-us/tools;
/data/rischel-and-birket-smith-s-collection-of-guitar-music	/about-us/tools;
/data/italian-first-world-war-music	/about-us/tools;
/data/maps-of-the-first-world-war-from-the-national-library-of-italy	/about-us/tools;
/data/bookplates-national-library-of-romania	/about-us/tools;
/data/photographs-and-memorablia-wwi-national-library-of-serbia	/about-us/tools;
/data/slovakian-collection-of-paintings-and-sculptures	/about-us/tools;
/data/first-world-war-collection-of-national-library-of-serbia	/about-us/tools;
/data/photographs-of-the-military-campaign-of-the-belgian-congo-1916-1918	/about-us/tools;
/data/world-war-one-collection-of-photographs	/about-us/tools;
/data/newspapers-university-of-belgrade	/about-us/tools;
/data/manuscript-fragments-central-library-of-leuven	/about-us/tools;
/data/home-data-the-european-library-open-dataset-the-european-library-open-dataset	/about-us/tools;
/data/design-projects-from-luca-school-of-arts	/about-us/tools;
/data/vintage-stereoscope-cards	/about-us/tools;
/data/fashion-objects-from-the-victoria-and-albert-museum	/about-us/tools;
/data/postcards-from-kugler-publications	/about-us/tools;
/data/1960-s-and-1970-s-norway-in-photographs	/about-us/tools;
/data/high-resolution-artworks-from-the-finnish-national-gallery	/about-us/tools;
/data/birdie-memory	/about-us/tools;
/data/preview-opensearch	/discover-the-data/apis;
/page/europeana-research-event-grants-faqs	/page/grants-programme;
/page/research-grants-programme-faqs	/page/grants-programme;
/page/rerun-of-the-europeana-in-your-classroom-building-21st-century-competences-with-digital-cultural-heritage	/page/education;
/page/rerun-of-europeana-in-your-classroom-building-21st-century-competences-with-digital-cultural-heritage-1	/page/education;
/page/europeana-education-ambassadors-network	/page/education;
/page/apps	/about-us/tools;
/page/digital-europe-programme-2021-2022-data-for-cultural-heritage-faqs	/about-us/projects;
/page/draft-programme-europeana-2019	/page/conference;
/page/europeanatech-2018-programme	/page/conference;
/project/europeana-2019-conference-programme-advisory-committee	/page/conference;
/post/europeana-education-at-open-education-week-2017-webinar	/page/education;
/post/europeana-education-an-introductory-leaflet	/page/education;
/post/europeana-education-presentations	/page/education;
/data/oai-pmh-resources	/discover-the-data/apis;
/data/annotations-scenarios	/discover-the-data/apis;
/data/nightingale-and-canary-animated-short	/about-us/tools;
/data/dpla-europeana-query	/about-us/tools;
/data/the-gift-box	/project/the-gift-project;
/page/europeana-essentials-slidedeck	/about-us/tools;
/page/europeana-initiative-position-consultation-on-opportunities-offered-by-digital-technologies	/post/opportunities-offered-by-digital-technologies-for-the-cultural-heritage-sector;
/page/writing-for-europeana-pro	/discover-the-data/creating-editorial;

# New redirects for "Redesign 2019 / 2020", as provided by Dasha on 2020-03-11
/home	/;
/what-we-do	/about-us/mission;
/resources	/about-us/services-and-tools;
/services/discovery	/page/collections;
/services/discovery/collections	/page/collections;
/services/discovery/thematic-collections	/page/collections;
#/page/creating-editorial	/page/creating-editorial
#/what-we-do/academic-research	/page/academic-research
/what-we-do/creative-industries	/about-us/services-and-tools;
/what-we-do/cultural-heritage-institutions	/;
/what-we-do/education	/page/education;
/resources/datasets	/page/datasets;
/services/facilitating-innovation	/about-us/services-and-tools;
/resources/apps	/page/apps;
/services/facilitating-innovation/co-creation	/data/wotify-card-sets;
/page/managing-europeana-projects	/about-us/projects;
/what-we-do/campaigns	/page/campaigns;
/page/hispana	https://hispana.mcu.es/es/inicio/inicio.do;
/page/sustainability-planning	/about-us/projects;
/page/high-resolution-images	https://www.europeana.eu/;
/page/high-resolution-images-1	https://www.europeana.eu/portal/en/exhibitions/pioneers;
/resources/document-archive/project-list	/about-us/projects;
/resources/standardization-tools/rightsstatements-org	/page/rightsstatements-org;
/resources/document-archive/r-d-recommendations	/page/r-d-recommendations;
/page/r-d-tools	/page/europeanatech-insight;
/services	/about-us/services-and-tools;
/services/facilitating-innovation/crowd-and-matchfunding	/about-us/services-and-tools;
/services/facilitating-innovation/grants-programme	/page/grants-programme;
/what-we-do/projects	/about-us/projects;
/resources/document-archive	/network-association/documentation;
/page/linked-open-data-credits	/page/linked-open-data;
/services/discovery/online-exhibitions	/page/creating-editorial;
/what-we-do/member-states	/page/member-states;
/page/creative-industries-datasets	/page/datasets;
/page/jamdots	/post/europeana-for-education-policy-recommendations;
/page/europe-at-work-1	https://www.europeana.eu/portal/en/explore/galleries/working-lives-across-europe;
/our-mission	/about-us/mission;
/our-mission/about-us	/about-us/mission;
/jobs	/about-us/jobs;
/blog	/page/news;
/resources/document-archive/press-releases	/page/press;
/press	/page/press;
/resources/document-archive/europeana-in-the-news	/page/europeana-in-the-news;
/resources/document-archive/publications	/page/publications;
/our-mission/foundation-governing-board	/about-us/governance;
/resources/document-archive/governing-board-papers-documents	/about-us/governance;
/our-mission/who-we-are	/about-us/mission;
/our-mission/history	/about-us/mission;
/our-mission/office-employees	/page/office-employees;
/contact-us	/about-us/office-employees;
/resources/europeana-playbook	/about-us/mission;
/page/what-we-believe-in	/about-us/mission;
/page/guiding-values	/about-us/mission;
/page/sharing-our-offices-and-our-ideas	/about-us/mission;
/page/roles-and-responsibilities	/about-us/mission;
/page/decision-making	/about-us/mission;
/page/meeting-guidance	/about-us/mission;
/page/communication-collaboration-and-planning	/about-us/mission;
/page/hitchcock-sessions	/about-us/mission;
/page/agile-methodology	/about-us/mission;
/page/directors	/about-us/mission;
/page/people-and-business-support	/about-us/mission;
/page/collections-team	/about-us/mission;
/page/re-use-team	/about-us/mission;
/page/data-partner-services	/about-us/mission;
/page/programme-and-network	/about-us/mission;
/page/marketing-and-communications	/about-us/mission;
/page/research-and-development	/about-us/mission;
/page/product-owner-and-design-team	/about-us/mission;
/page/software-development-and-infrastructure	/about-us/mission;
/page/about-the-playbook	/about-us/mission;
/page/teams	/about-us/mission;
/page/annual-report-2018	/page/annual-report-2018-a-decade-of-democratising-culture;
/resources/apis/entity	/page/entity;
/resources/apis/intro	/page/intro;
/resources/apis/sparql	/page/sparql;
/resources/apis/record	/page/record;
/resources/apis/search	/page/search;
/resources/apis	/page/apis;
/get-api	/pages/get-api;
/resources/apis/annotations	/page/annotations;
/resources/apis/oai-pmh-service	/page/oai-pmh-service;
/resources/apis/iiif	/page/iiif;
# /services/facilitating-innovation/take-the-challenge	/about-us/activities;
/services/data-publication-services	/share-your-data/process;
/page/reasons-to-share-your-data-on-europeana-collections	/share-your-data/process;
/page/what-kind-of-content-is-europeana-looking-for	/share-your-data/process;
/services/data-publication-services/new-provider	/share-your-data/process;
/services/data-publication-services/aggregators	/page/aggregators;
/network-association/about-our-network	/network-association/sign-up;
/resources/document-archive/newsletters-and-updates	/network-association/documentation;
/resources/document-archive/task-force-recommendations	/network-association/task-forces;
/page/past-task-forces	/network-association/task-forces;
/page/task-force-terms-of-reference	/page/terms-of-reference-for-task-forces;
/network-association/special-interest-groups	/network-association/communities;
/network-association/special-interest-groups/europeanatech	/page/europeanatech;
/page/contribute-to-europeanatech	/page/europeanatech;
/network-association/special-interest-groups/europeana-education	/page/europeana-education;
/page/europeana-in-your-classroom-building-21st-century-competences-with-digital-cultural-heritage-mooc	/post/europeana-mooc-now-available-in-five-languages;
/page/about-research	/page/grants-programme;
/network-association/special-interest-groups/research-community	/page/europeana-research;
#/page/europeana-research-events-grants-programme-2019-call-for-submissions	/page/grants-programme;
/page/research-grants-programme-submissions-2019	/page/grants-programme;
/what-we-do/impact	/page/impact;
/page/impact-resources	/page/impact;
/network-association/special-interest-groups/europeana-communicators-group	/page/europeana-communicators-group;
/network-association/working-groups	/network-association/task-forces;
/page/working-group-terms-of-reference	/page/terms-of-reference-for-working-groups;
/network-association/events	/about-us/events;
/network-association/special-interest-groups/europeana-impact-community	/page/europeana-impact-community;
/network-association/special-interest-groups/europeana-copyright	/page/europeana-copyright;
/resources/standardization-tools/glossary	/page/glossary;
/services/data-publication-services/existing-provider	/share-your-data/process;
/page/edm-case-studies	/share-your-data/metadata;
/page/provide-data-edm	/share-your-data/metadata;
/resources/standardization-tools/edm-documentation	/page/edm-documentation;
/page/mapping-to-edm-overview	/page/edm-profiles;
/page/rights-statements-an-introduction	/page/submitting-a-rights-statement;
/resources/standardization-tools/europeana-licensing-framework	/page/europeana-licensing-framework;
/resources/standardization-tools	/about-us/mission;
/resources/statistics/enumerate	/page/enumerate;
/resources/standardization-tools/impact/	/page/impact;
/post/europeana-media-policy	/page/media-policy;

# More new redirects for "Redesign 2019 / 2020", as provided by Dasha on 2020-03-13
/page/new-provider	/share-your-data/process;
/page/existing-provider	/share-your-data/process;
/our-network/network-association-members	/network-association/members;
/get-involved/campaigns/allezculture	/page/campaigns;
/get-involved/europeana-tech/europeanatech-insight	/page/europeanatech-insight;
/get-involved/europeana-ipr/advocacy	/page/advocacy-framework;
/get-involved/europeana-ipr/the-licensing-framework	/page/europeana-licensing-framework;
/get-involved/europeana-ipr	/share-your-data/copyright;
/share-your-data/how-to-contribute-data	/share-your-data/process;
/share-your-data/data-guidelines	/share-your-data/process;
/share-your-data/data-guidelines/edm-documentation	/share-your-data/metadata;
/get-involved/europeana-ipr/tools-resources/presentations-and-videos	/share-your-data/copyright;
/case-studies-edm	/share-your-data/metadata;
/share-your-data/europeana-semantic-enrichment	/share-your-data/enrichment;
/get-involved/europeana-tech/europeanatech-task-forces/hierarchical-objects	/project/hierarchical-objects;
/edm-profiles	/share-your-data/metadata;
/page/provider-faqs	/share-your-data/process;
/web/guest/provide-data	/share-your-data/process;
/resources/apis/europeana-rest-api	/page/intro;
/page/educationcasestudies	/page/education;
/page/europeana4education-community	/page/europeana-education;
/page/educationalpartnerships	/page/education;
/page/educational-resources	/page/education;
/page/smoke-signals-from-the-european-parliament	/post/copyright-advocacy-update-smoke-signals-from-the-european-parliament;
/page/public-domain-calculator	/page/selecting-a-rights-statement;
/page/brand-values	/about-us/mission;
/page/our-vision	/about-us/mission;
/page/how-to-contribute-data	/share-your-data/process;
/page/become-a-data-provider	/share-your-data/process;
/page/network-association-newsletters	/network-association/sign-up;

# Additional redirects, added by Bob on 2020-05-22
/services/facilitating-innovation/take-the-challenge	/about-us/services-and-tools;
/network-association/network-members	/network-association/members;
/pro-blog/-/blogs/how-the-rijksmuseum-opened-up-its-collection-a-case-study	/post/how-the-rijksmuseum-opened-up-its-collection-a-case-study;
/documents/858566/858665/Democratising+the+Rijksmuseum	/files/Europeana_Professional/Publications/Democratising%20the%20Rijksmuseum.pdf;
/what-we-do/academic-research	/page/research;
/page/academic-research	/page/research;

# Additional redirects, added by Ivo on 2021-06-11
/page/oai-pmh-service	/page/harvesting-and-downloads;

# Extra loops
/page/allezculture	/page/campaigns;
/what-we-do/advocacy	/page/advocacy-framework;
/resources/resources-standardisation/the-licensing-framework	/page/europeana-licensing-framework;
/what-we-do/standardisation	/share-your-data/copyright;
/resources/resources-standardisation/edm-documentation	/share-your-data/metadata;