## Test examples
/apis.html https://europeana.atlassian.net/wiki/spaces/EF/pages/2385313793/Europeana+APIs+Documentation;
~/documentation/3D/formats/.* https://europeana.atlassian.net/wiki/spaces/EF/pages/2365227031/Publishing+guide+for+3D+content#Which-3D-formats-does-Europeana-support?;

## External redirects
/data/nodejs-europeana	https://europeana.atlassian.net/wiki/spaces/EF/pages/2385870932/Libraries+and+Plugins#Node.JS-Libraries;
/data/serendip-o-matic	https://europeana.atlassian.net/wiki/spaces/EF/pages/2953314308/Europeana+API+use+cases;
/data/culturecam	https://europeana.atlassian.net/wiki/spaces/EF/pages/2953314308/Europeana+API+use+cases;
/data/memory-match	https://europeana.atlassian.net/wiki/spaces/EF/pages/2953314308/Europeana+API+use+cases;
/data/europeana-blacklight	https://europeana.atlassian.net/wiki/spaces/EF/pages/2953314308/Europeana+API+use+cases;
/data/europeana-oai-pmh-harvester	https://europeana.atlassian.net/wiki/spaces/EF/pages/2953314308/Europeana+API+use+cases;
/data/eexcess-moodle-plugin	https://europeana.atlassian.net/wiki/spaces/EF/pages/2953314308/Europeana+API+use+cases;
/data/knreise	https://europeana.atlassian.net/wiki/spaces/EF/pages/2953314308/Europeana+API+use+cases;
/data/inventing-europe	https://europeana.atlassian.net/wiki/spaces/EF/pages/2953314308/Europeana+API+use+cases;
/data/national-library-of-ireland-catalogue-widget	https://europeana.atlassian.net/wiki/spaces/EF/pages/2953314308/Europeana+API+use+cases;
/data/open-pics-app	https://europeana.atlassian.net/wiki/spaces/EF/pages/2953314308/Europeana+API+use+cases;
/data/sound-connections	https://europeana.atlassian.net/wiki/spaces/EF/pages/2953314308/Europeana+API+use+cases;
/data/vangoyourself	https://europeana.atlassian.net/wiki/spaces/EF/pages/2953314308/Europeana+API+use+cases;
/data/ajapaik-timepatch	https://europeana.atlassian.net/wiki/spaces/EF/pages/2953314308/Europeana+API+use+cases;
/data/museums-eu	https://europeana.atlassian.net/wiki/spaces/EF/pages/2953314308/Europeana+API+use+cases;
/data/creative-commons-search	https://europeana.atlassian.net/wiki/spaces/EF/pages/2953314308/Europeana+API+use+cases;
/data/Photomediations	https://europeana.atlassian.net/wiki/spaces/EF/pages/2953314308/Europeana+API+use+cases;
/data/europeana-colour-explorer	https://europeana.atlassian.net/wiki/spaces/EF/pages/2953314308/Europeana+API+use+cases;
/data/on-this-day	https://europeana.atlassian.net/wiki/spaces/EF/pages/2953314308/Europeana+API+use+cases;
/data/picryl	https://europeana.atlassian.net/wiki/spaces/EF/pages/2953314308/Europeana+API+use+cases;
/data/korea-copyright-commission	https://europeana.atlassian.net/wiki/spaces/EF/pages/2953314308/Europeana+API+use+cases;
/data/europeana-bulk-downloader	https://europeana.atlassian.net/wiki/spaces/EF/pages/2953314308/Europeana+API+use+cases;
/data/karlsruhe-virtual-catalog	https://europeana.atlassian.net/wiki/spaces/EF/pages/2953314308/Europeana+API+use+cases;
/data/europeana-full-text-in-python	https://europeana.atlassian.net/wiki/spaces/EF/pages/2953314308/Europeana+API+use+cases;
/page/europeana-data-statistics-dashboard-training 	https://europeana.moocit.fr/courses/course-v1:Europeana+EDSD_01+2023_Q2/about;
/page/europeana-education-mooc	https//www.europeana.eu/europeana-classroom/moocs;

## Internal redirects
/page/record	/discover-the-data/apis;
/page/entity	/discover-the-data/apis;
/page/annotations	/discover-the-data/apis;
/page/harvesting-and-downloads	/discover-the-data/apis;
/page/impact-community-progress	page/europeana-impact-community;
/page/impact-community-workshops-presentations	/page/impact;
/page/smk-impact-explorer	/post/making-the-case-for-impact-at-smk;
/page/advocacy-framework	/page/advocacy;
/post/raising-awareness-of-impact-smk-impact-presentations-events-and-publications	/post/making-the-case-for-impact-at-smk;
/page/edm-mooc-introduction	/page/metadata;
/page/edm-mooc-basics	/page/metadata;
/page/edm-mooc-advanced	/page/metadata;
/page/edm-mooc-marc2edm	/page/metadata;
/page/miguel-mimoso-correia-s-lisbon	/post/europeana-2019-relive-it;
/page/carlos-vences-lisbon	/post/europeana-2019-relive-it;
/page/maria-isabel-ferreira-s-lisbon	/post/europeana-2019-relive-it;
/page/ana-sabido-para-s-lisbon	/post/europeana-2019-relive-it;
/page/enumerate-dashboards	/page/enumerate;
/data/wonders	/post/europeana-edtech-challenge-winners-announced;
/post/aggregators-survey-2	/page/aggregators;
/post/europeana-communicators-work-plan-2020	/page/communicators-community-work-plan;
/post/communicators-community-work-plan-2021	/page/communicators-community-work-plan;
/post/communicators-community-work-plan-2022	/page/communicators-community-work-plan;
/post/europeana-communicators-community-work-plan-2023	/page/communicators-community-work-plan;
/post/impact-community-work-plan-2020	/page/impact-community-work-plan;
/post/impact-community-work-plan	/page/impact-community-work-plan;
/post/impact-community-work-plan-2022	/page/impact-community-work-plan;
/post/impact-community-work-plan-2023	/page/impact-community-work-plan;
/post/climate-action-community-work-plan-2022-2023	/page/climate-action-community-work-plan;
/post/europeana-copyright-community-work-plan-2023	/page/copyright-community-work-plan;
/post/copyright-community-work-plan-2022	/page/copyright-community-work-plan;
/post/copyright-community-work-plan-2021	/page/copyright-community-work-plan;
/post/copyright-community-work-plan-2020	/page/copyright-community-work-plan;
/post/europeana-education-community-work-plan-2023	/page/education-community-work-plan;
/post/education-community-work-plan-2022	/page/education-community-work-plan;
/post/education-community-work-plan-2021	/page/education-community-work-plan;
/post/education-community-work-plan-2020	/page/education-community-work-plan;
/post/europeanatech-work-plan-2023	/page/europeanatech-community-work-plan;
/post/europeanatech-community-work-plan-2022	/page/europeanatech-community-work-plan;
/post/europeanatech-community-work-plan-2021	/page/europeanatech-community-work-plan;
/post/europeanatech-community-work-plan-2020	/page/europeanatech-community-work-plan;
/post/europeana-research-community-work-plan-2023	/page/research-community-work-plan;
/post/research-community-work-plan-2022	/page/research-community-work-plan;
/post/research-community-work-plan-2021	/page/research-community-work-plan;
/post/research-community-work-plan-2020	/page/research-community-work-plan;
/post/europeana-for-research	/page/research;
/data/digital-humanities-observatory	/about-us/tools;
/data/Europeana-java-Client-library-formerly-europeana4j	/about-us/tools;
/data/biblioteca-virtual	/about-us/tools;
/data/europeanaconnect-annotation	/about-us/tools;
/data/karma	/about-us/tools;
/data/linked-logainm	/about-us/tools;
/data/django-europeana-0-1-5	/about-us/tools;
/data/europeana-portfolio	/about-us/tools;
/data/image-form-query-suggestions	/about-us/tools;
/data/rest-easy	/about-us/tools;
/data/wandoras-europeana-extractor	/about-us/tools;
/data/colada-php-client-library	/about-us/tools;
/data/ebsco-discovery-service	/about-us/tools;
/data/suggestions	/about-us/tools;
/data/automated-image-analysis-with-iiif	/about-us/tools;
/data/muzeums	/about-us/tools;
/data/metadash	/about-us/tools;
/data/art-faces	/about-us/tools;
/data/europeana-radio	/about-us/tools;
/data/storypix	/about-us/tools;
/data/art-up-your-tab	/about-us/tools;
/data/wotify-card-sets	/about-us/tools;
/data/re-vive	/about-us/tools;
/data/muso	/about-us/tools;
/data/manesse-gammon	/about-us/tools;
/data/greetings-from-zagreb	/about-us/tools;
/data/projects-from-game-jam-with-history	/about-us/tools;
/data/capturing-fashion-in-the-20th-century-with-frieda-dauphin-verhees-study-collection	/about-us/tools;
/data/movesscrapbook	/page/movescollect-and-movesscrapbook;
/data/movescollect	/page/movescollect-and-movesscrapbook;
/data/battles-on-artwork-and-drawings-from-the-rijksmuseum-in-the-netherlands	/about-us/tools;
/data/butterflies-moths-plants-and-mushrooms-from-the-university-of-tartu-and-the-museum-of-natural-history-berlin	/about-us/tools;
/data/incunabula-from-edinburgh	/about-us/tools;
/data/old-handwritten-documents-from-scandinavia	/about-us/tools;
/data/photographs-of-soldiers-during-wwi	/about-us/tools;
/data/scans-of-plants-from-the-openup-project-oberoesterreichischen-landesmuseen	/about-us/tools;
/data/art-history-collection	/about-us/tools;
/data/music-collections	/about-us/tools;
/data/bookplates-from-the-romanian-national-library	/about-us/tools;
/data/stamps-and-seals-from-the-lithuanian-art-museum	/about-us/tools;
/data/first-world-war-maps-preserved-by-the-british-library	/about-us/tools;
/data/world-war-one-posters-small-form-graphics-and-children-s-drawings	/about-us/tools;
/data/early-printing-in-europe-examples-in-bodleian-collections	/about-us/tools;
/data/masterpieces-of-the-non-western-book	/about-us/tools;
/data/the-india-office-records-1914-1918-1	/about-us/tools;
/data/posters-from-the-first-world-war-held-by-the-british-library	/about-us/tools;
/data/british-library-sound-recordings	/about-us/tools;
/data/british-wildlife-recordings	/about-us/tools;
/data/monographs-within-the-series-of-records-of-the-india-office-military-department-1914-1918	/about-us/tools;
/data/slug-0oiqsv	/about-us/tools;
/data/posters-from-the-digital-national-library-of-slovenia	/about-us/tools;
/data/rischel-and-birket-smith-s-collection-of-guitar-music	/about-us/tools;
/data/italian-first-world-war-music	/about-us/tools;
/data/maps-of-the-first-world-war-from-the-national-library-of-italy	/about-us/tools;
/data/bookplates-national-library-of-romania	/about-us/tools;
/data/photographs-and-memorablia-wwi-national-library-of-serbia	/about-us/tools;
/data/slovakian-collection-of-paintings-and-sculptures	/about-us/tools;
/data/first-world-war-collection-of-national-library-of-serbia	/about-us/tools;
/data/photographs-of-the-military-campaign-of-the-belgian-congo-1916-1918	/about-us/tools;
/data/world-war-one-collection-of-photographs	/about-us/tools;
/data/newspapers-university-of-belgrade	/about-us/tools;
/data/manuscript-fragments-central-library-of-leuven	/about-us/tools;
/data/home-data-the-european-library-open-dataset-the-european-library-open-dataset	/about-us/tools;
/data/design-projects-from-luca-school-of-arts	/about-us/tools;
/data/vintage-stereoscope-cards	/about-us/tools;
/data/fashion-objects-from-the-victoria-and-albert-museum	/about-us/tools;
/data/postcards-from-kugler-publications	/about-us/tools;
/data/1960-s-and-1970-s-norway-in-photographs	/about-us/tools;
/data/high-resolution-artworks-from-the-finnish-national-gallery	/about-us/tools;
/data/birdie-memory	/about-us/tools;
/data/preview-opensearch	/discover-the-data/apis;
/page/europeana-research-event-grants-faqs	/page/grants-programme;
/page/research-grants-programme-faqs	/page/grants-programme;
/page/rerun-of-the-europeana-in-your-classroom-building-21st-century-competences-with-digital-cultural-heritage	/page/education;
/page/rerun-of-europeana-in-your-classroom-building-21st-century-competences-with-digital-cultural-heritage-1	/page/education;
/page/europeana-education-ambassadors-network	/page/education;
/page/apps	/about-us/tools;
/page/digital-europe-programme-2021-2022-data-for-cultural-heritage-faqs	/about-us/projects;
/page/draft-programme-europeana-2019	/page/conference;
/page/europeanatech-2018-programme	/page/conference;
/project/europeana-2019-conference-programme-advisory-committee	/page/conference;
/post/europeana-education-at-open-education-week-2017-webinar	/page/education;
/post/europeana-education-an-introductory-leaflet	/page/education;
/post/europeana-education-presentations	/page/education;
/data/oai-pmh-resources	/discover-the-data/apis;
/data/annotations-scenarios	/discover-the-data/apis;
/data/nightingale-and-canary-animated-short	/about-us/tools;
/data/dpla-europeana-query	/about-us/tools;
/data/the-gift-box	/project/the-gift-project;
/page/europeana-essentials-slidedeck	/about-us/tools;
/page/europeana-initiative-position-consultation-on-opportunities-offered-by-digital-technologies	/post/opportunities-offered-by-digital-technologies-for-the-cultural-heritage-sector;
/page/writing-for-europeana-pro	/discover-the-data/creating-editorial;

# New redirects for "Redesign 2019 / 2020", as provided by Dasha on 2020-03-11
/home	/;
/what-we-do	/about-us/mission;
/resources	/about-us/services-and-tools;
/services/discovery	/page/collections;
/services/discovery/collections	/page/collections;
/services/discovery/thematic-collections	/page/collections;
#/page/creating-editorial	/page/creating-editorial
#/what-we-do/academic-research	/page/academic-research
/what-we-do/creative-industries	/about-us/services-and-tools;
/what-we-do/cultural-heritage-institutions	/;
/what-we-do/education	/page/education;
/resources/datasets	/page/datasets;
/services/facilitating-innovation	/about-us/services-and-tools;
/resources/apps	/page/apps;
/services/facilitating-innovation/co-creation	/data/wotify-card-sets;
/page/managing-europeana-projects	/about-us/projects;
/what-we-do/campaigns	/page/campaigns;
/page/hispana	https://hispana.mcu.es/es/inicio/inicio.do;
/page/sustainability-planning	/about-us/projects;
/page/high-resolution-images	https://www.europeana.eu/;
/page/high-resolution-images-1	https://www.europeana.eu/portal/en/exhibitions/pioneers;
/resources/document-archive/project-list	/about-us/projects;
/resources/standardization-tools/rightsstatements-org	/page/rightsstatements-org;
/resources/document-archive/r-d-recommendations	/page/r-d-recommendations;
/page/r-d-tools	/page/europeanatech-insight;
/services	/about-us/services-and-tools;
/services/facilitating-innovation/crowd-and-matchfunding	/about-us/services-and-tools;
/services/facilitating-innovation/grants-programme	/page/grants-programme;
/what-we-do/projects	/about-us/projects;
/resources/document-archive	/network-association/documentation;
/page/linked-open-data-credits	/page/linked-open-data;
/services/discovery/online-exhibitions	/page/creating-editorial;
/what-we-do/member-states	/page/member-states;
/page/creative-industries-datasets	/page/datasets;
/page/jamdots	/post/europeana-for-education-policy-recommendations;
/page/europe-at-work-1	https://www.europeana.eu/portal/en/explore/galleries/working-lives-across-europe;
/our-mission	/about-us/mission;
/our-mission/about-us	/about-us/mission;
/jobs	/about-us/jobs;
/blog	/page/news;
/resources/document-archive/press-releases	/page/press;
/press	/page/press;
/resources/document-archive/europeana-in-the-news	/page/europeana-in-the-news;
/resources/document-archive/publications	/page/publications;
/our-mission/foundation-governing-board	/about-us/governance;
/resources/document-archive/governing-board-papers-documents	/about-us/governance;
/our-mission/who-we-are	/about-us/mission;
/our-mission/history	/about-us/mission;
/our-mission/office-employees	/page/office-employees;
/contact-us	/about-us/office-employees;
/resources/europeana-playbook	/about-us/mission;
/page/what-we-believe-in	/about-us/mission;
/page/guiding-values	/about-us/mission;
/page/sharing-our-offices-and-our-ideas	/about-us/mission;
/page/roles-and-responsibilities	/about-us/mission;
/page/decision-making	/about-us/mission;
/page/meeting-guidance	/about-us/mission;
/page/communication-collaboration-and-planning	/about-us/mission;
/page/hitchcock-sessions	/about-us/mission;
/page/agile-methodology	/about-us/mission;
/page/directors	/about-us/mission;
/page/people-and-business-support	/about-us/mission;
/page/collections-team	/about-us/mission;
/page/re-use-team	/about-us/mission;
/page/data-partner-services	/about-us/mission;
/page/programme-and-network	/about-us/mission;
/page/marketing-and-communications	/about-us/mission;
/page/research-and-development	/about-us/mission;
/page/product-owner-and-design-team	/about-us/mission;
/page/software-development-and-infrastructure	/about-us/mission;
/page/about-the-playbook	/about-us/mission;
/page/teams	/about-us/mission;
/page/annual-report-2018	/page/annual-report-2018-a-decade-of-democratising-culture;
/resources/apis/entity	/page/entity;
/resources/apis/intro	/page/intro;
/resources/apis/sparql	/page/sparql;
/resources/apis/record	/page/record;
/resources/apis/search	/page/search;
/resources/apis	/page/apis;
/get-api	/pages/get-api;
/resources/apis/annotations	/page/annotations;
/resources/apis/oai-pmh-service	/page/oai-pmh-service;
/resources/apis/iiif	/page/iiif;
# /services/facilitating-innovation/take-the-challenge	/about-us/activities;
/services/data-publication-services	/share-your-data/process;
/page/reasons-to-share-your-data-on-europeana-collections	/share-your-data/process;
/page/what-kind-of-content-is-europeana-looking-for	/share-your-data/process;
/services/data-publication-services/new-provider	/share-your-data/process;
/services/data-publication-services/aggregators	/page/aggregators;
/network-association/about-our-network	/network-association/sign-up;
/resources/document-archive/newsletters-and-updates	/network-association/documentation;
/resources/document-archive/task-force-recommendations	/network-association/task-forces;
/page/past-task-forces	/network-association/task-forces;
/page/task-force-terms-of-reference	/page/terms-of-reference-for-task-forces;
/network-association/special-interest-groups	/network-association/communities;
/network-association/special-interest-groups/europeanatech	/page/europeanatech;
/page/contribute-to-europeanatech	/page/europeanatech;
/network-association/special-interest-groups/europeana-education	/page/europeana-education;
/page/europeana-in-your-classroom-building-21st-century-competences-with-digital-cultural-heritage-mooc	/post/europeana-mooc-now-available-in-five-languages;
/page/about-research	/page/grants-programme;
/network-association/special-interest-groups/research-community	/page/europeana-research;
#/page/europeana-research-events-grants-programme-2019-call-for-submissions	/page/grants-programme;
/page/research-grants-programme-submissions-2019	/page/grants-programme;
/what-we-do/impact	/page/impact;
/page/impact-resources	/page/impact;
/network-association/special-interest-groups/europeana-communicators-group	/page/europeana-communicators-group;
/network-association/working-groups	/network-association/task-forces;
/page/working-group-terms-of-reference	/page/terms-of-reference-for-working-groups;
/network-association/events	/about-us/events;
/network-association/special-interest-groups/europeana-impact-community	/page/europeana-impact-community;
/network-association/special-interest-groups/europeana-copyright	/page/europeana-copyright;
/resources/standardization-tools/glossary	/page/glossary;
/services/data-publication-services/existing-provider	/share-your-data/process;
/page/edm-case-studies	/share-your-data/metadata;
/page/provide-data-edm	/share-your-data/metadata;
/resources/standardization-tools/edm-documentation	/page/edm-documentation;
/page/mapping-to-edm-overview	/page/edm-profiles;
/page/rights-statements-an-introduction	/page/submitting-a-rights-statement;
/resources/standardization-tools/europeana-licensing-framework	/page/europeana-licensing-framework;
/resources/standardization-tools	/about-us/mission;
/resources/statistics/enumerate	/page/enumerate;
/resources/standardization-tools/impact/	/page/impact;
/post/europeana-media-policy	/page/media-policy;

# More new redirects for "Redesign 2019 / 2020", as provided by Dasha on 2020-03-13
/page/new-provider	/share-your-data/process;
/page/existing-provider	/share-your-data/process;
/our-network/network-association-members	/network-association/members;
/get-involved/campaigns/allezculture	/page/campaigns;
/get-involved/europeana-tech/europeanatech-insight	/page/europeanatech-insight;
/get-involved/europeana-ipr/advocacy	/page/advocacy-framework;
/get-involved/europeana-ipr/the-licensing-framework	/page/europeana-licensing-framework;
/get-involved/europeana-ipr	/share-your-data/copyright;
/share-your-data/how-to-contribute-data	/share-your-data/process;
/share-your-data/data-guidelines	/share-your-data/process;
/share-your-data/data-guidelines/edm-documentation	/share-your-data/metadata;
/get-involved/europeana-ipr/tools-resources/presentations-and-videos	/share-your-data/copyright;
/case-studies-edm	/share-your-data/metadata;
/share-your-data/europeana-semantic-enrichment	/share-your-data/enrichment;
/get-involved/europeana-tech/europeanatech-task-forces/hierarchical-objects	/project/hierarchical-objects;
/edm-profiles	/share-your-data/metadata;
/page/provider-faqs	/share-your-data/process;
/web/guest/provide-data	/share-your-data/process;
/resources/apis/europeana-rest-api	/page/intro;
/page/educationcasestudies	/page/education;
/page/europeana4education-community	/page/europeana-education;
/page/educationalpartnerships	/page/education;
/page/educational-resources	/page/education;
/page/smoke-signals-from-the-european-parliament	/post/copyright-advocacy-update-smoke-signals-from-the-european-parliament;
/page/public-domain-calculator	/page/selecting-a-rights-statement;
/page/brand-values	/about-us/mission;
/page/our-vision	/about-us/mission;
/page/how-to-contribute-data	/share-your-data/process;
/page/become-a-data-provider	/share-your-data/process;
/page/network-association-newsletters	/network-association/sign-up;

# Additional redirects, added by Bob on 2020-05-22
/services/facilitating-innovation/take-the-challenge	/about-us/services-and-tools;
/network-association/network-members	/network-association/members;
/pro-blog/-/blogs/how-the-rijksmuseum-opened-up-its-collection-a-case-study	/post/how-the-rijksmuseum-opened-up-its-collection-a-case-study;
/documents/858566/858665/Democratising+the+Rijksmuseum	/files/Europeana_Professional/Publications/Democratising%20the%20Rijksmuseum.pdf;
/what-we-do/academic-research	/page/research;
/page/academic-research	/page/research;

# Additional redirects, added by Ivo on 2021-06-11
/page/oai-pmh-service	/page/harvesting-and-downloads;

# Extra loops
/page/allezculture	/page/campaigns;
/what-we-do/advocacy	/page/advocacy-framework;
/resources/resources-standardisation/the-licensing-framework	/page/europeana-licensing-framework;
/what-we-do/standardisation	/share-your-data/copyright;
/resources/resources-standardisation/edm-documentation	/share-your-data/metadata;